R4 Golden Path → MVP-UI17-R4-20260814-P5D1

[PASS] BUYER_LOGIN — https://workspace.demaxtore.com/buyer/control-tower
[PASS] PRODUCT_CREATION — FLOUR-UI17R4-P5D1
[PASS] DIRECT_PO — PO-MST3RAFC-8BE883C1
[PASS] PRODUCT_TO_PO — https://workspace.demaxtore.com/workspace/order/4bd3fb15-2670-4779-ab3c-bfc318bfdf93
[PASS] DEPOSIT_CONFIRMATION — Admin recorded DEPOSIT_PAID
[PASS] FREIGHT_REQUEST — Admin created freight request
[PASS] FREIGHT_OFFER — 2100 USD offer published
[PASS] OFFER_SELECTION
[PASS] OFFER_TO_BOOKING
[PASS] BOOKING_TO_SHIPMENT — https://workspace.demaxtore.com/workspace/shipment/949593c3-17d9-4b44-a08a-bd358417f6ed
[PASS] BOOKING_LIFECYCLE — MSCBK-R4-P5D1
[PASS] LINE_ALLOCATION — 90 PCS
[PASS] CONTAINER — MSKU17R4P5D1
[PASS] TRACKING
[PASS] SHIPMENT_TO_CUSTOMS
[DEAD END] R4_ABORT — locator.selectOption: options[0].label: expected string, got object

=== R4 SUMMARY ===
Marker: MVP-UI17-R4-20260814-P5D1
Fresh Transaction: FAIL
Blocker: UNHANDLED — locator.selectOption: options[0].label: expected string, got object
Unexpected 5xx: 0
Evidence: /var/www/demaxtore/DemaxtoreSolitions-main/.r4-ui-fixtures/run/P5D1/evidence.json
