R4 Golden Path → MVP-UI17-R4-20260814-L7R2

[PASS] BUYER_LOGIN — https://workspace.demaxtore.com/buyer/control-tower
[PASS] PRODUCT_CREATION — FLOUR-UI17R4-L7R2
[PASS] DIRECT_PO — PO-MST4AV8L-68D8EC39
[PASS] PRODUCT_TO_PO — https://workspace.demaxtore.com/workspace/order/0cf235e1-81a7-4846-9e3a-e6bf124dfd67
[PASS] DEPOSIT_CONFIRMATION — Admin recorded DEPOSIT_PAID
[PASS] FREIGHT_REQUEST — Admin created freight request
[PASS] FREIGHT_OFFER — 2100 USD offer published
[PASS] OFFER_SELECTION
[PASS] OFFER_TO_BOOKING
[PASS] BOOKING_TO_SHIPMENT — https://workspace.demaxtore.com/workspace/shipment/ed92e25f-f212-4522-a95e-77dde7c5c193
[PASS] BOOKING_LIFECYCLE — MSCBK-R4-L7R2
[PASS] LINE_ALLOCATION — 90 PCS
[PASS] CONTAINER — MSKU17R4L7R2
[PASS] TRACKING
[PASS] SHIPMENT_TO_CUSTOMS
[PASS] BROKER_ASSIGNMENT
[PASS] DOCUMENT_READINESS — Trade docs uploaded via UI
[PASS] BROKER_CASE_DISCOVERY
[PASS] BROKER_EXECUTION — Start review
[PASS] GTIP_VERIFICATION
[PASS] DUTY_TAX
[PASS] CUSTOMS_CLEARED
[PASS] CLEARED_TO_INLAND
[PASS] TRUCKER_ASSIGNMENT
[PASS] TRUCKER_DELIVERY_DISCOVERY
[PASS] TRUCKER_EXECUTION
[DEAD END] DELIVERED — Mark delivered unavailable

=== R4 SUMMARY ===
Marker: MVP-UI17-R4-20260814-L7R2
Fresh Transaction: FAIL
Blocker: DELIVERED — Mark delivered unavailable
Unexpected 5xx: 0
Evidence: /var/www/demaxtore/DemaxtoreSolitions-main/.r4-ui-fixtures/run/L7R2/evidence.json
