yarn workspace v1.22.22
yarn run v1.22.22
$ playwright test tests/qa

Running 198 tests using 1 worker

  ✓  1 [chromium] › qa/admin/modules.spec.ts:27:5 › QA · Admin · Modules › admin · Dashboard (4.7s)
  ✓  2 [chromium] › qa/admin/modules.spec.ts:27:5 › QA · Admin · Modules › admin · RFQs (4.2s)
  ✓  3 [chromium] › qa/admin/modules.spec.ts:27:5 › QA · Admin · Modules › admin · Orders (3.9s)
  ✓  4 [chromium] › qa/admin/modules.spec.ts:27:5 › QA · Admin · Modules › admin · Documents (6.1s)
  ✓  5 [chromium] › qa/admin/modules.spec.ts:27:5 › QA · Admin · Modules › admin · Notifications (4.3s)
  ✓  6 [chromium] › qa/admin/modules.spec.ts:27:5 › QA · Admin · Modules › admin · Messages (3.5s)
  ✓  7 [chromium] › qa/admin/modules.spec.ts:27:5 › QA · Admin · Modules › admin · Freight ops (4.0s)
  ✓  8 [chromium] › qa/admin/modules.spec.ts:27:5 › QA · Admin · Modules › admin · Settings (4.0s)
  ✓  9 [chromium] › qa/admin/modules.spec.ts:27:5 › QA · Admin · Modules › admin · Alerts (3.5s)
  ✓  10 [chromium] › qa/admin/modules.spec.ts:27:5 › QA · Admin · Modules › admin · Academy / Learning (3.9s)
  ✓  11 [chromium] › qa/admin/modules.spec.ts:27:5 › QA · Admin · Modules › admin · Admin FreightIQ (3.2s)
  ✓  12 [chromium] › qa/admin/modules.spec.ts:46:3 › QA · Admin · Modules › admin can list users/buyers/suppliers APIs (3.1s)
  ✓  13 [chromium] › qa/admin/modules.spec.ts:62:3 › QA · Admin · Modules › admin documents — no academy 403 regression (7.4s)
  ✓  14 [chromium] › qa/auth/auth.spec.ts:4:3 › QA · Authentication › login success — admin (3.0s)
  ✓  15 [chromium] › qa/auth/auth.spec.ts:11:3 › QA · Authentication › login success — buyer lands off login (4.6s)
  ✓  16 [chromium] › qa/auth/auth.spec.ts:17:3 › QA · Authentication › login success — supplier (3.5s)
  ✓  17 [chromium] › qa/auth/auth.spec.ts:23:3 › QA · Authentication › wrong password shows error (2.2s)
  ✓  18 [chromium] › qa/auth/auth.spec.ts:32:3 › QA · Authentication › session persists after refresh (3.7s)
  ✓  19 [chromium] › qa/auth/auth.spec.ts:43:3 › QA · Authentication › unauthorized route redirects buyer away from admin (4.8s)
  ✓  20 [chromium] › qa/auth/auth.spec.ts:49:3 › QA · Authentication › logout clears session (3.6s)
  ✓  21 [chromium] › qa/buyer/documents-deep.spec.ts:8:3 › QA · Buyer · Documents Deep › documents open clean — no academy 403 / no negative blur (6.2s)
  ✓  22 [chromium] › qa/buyer/documents-deep.spec.ts:33:3 › QA · Buyer · Documents Deep › documents survive reload + direct URL (8.1s)
  ✓  23 [chromium] › qa/buyer/documents-deep.spec.ts:47:3 › QA · Buyer · Documents Deep › document list API matches UI empty/non-empty (10.7s)
  ✓  24 [chromium] › qa/buyer/documents-deep.spec.ts:73:3 › QA · Buyer · Documents Deep › missing document id — clear failure, not blank forever (7.3s)
  -  25 [chromium] › qa/buyer/documents-deep.spec.ts:82:3 › QA · Buyer · Documents Deep › invalid upload rejected gracefully when dropzone present
  ✓  26 [chromium] › qa/buyer/flow.spec.ts:23:3 › QA · Buyer · Critical Business Flow › 01 RFQ Create + Detail persistence (9.0s)
  ✓  27 [chromium] › qa/buyer/flow.spec.ts:71:3 › QA · Buyer · Critical Business Flow › 02 Publish + Supplier quotation (UI) + Buyer compare (11.4s)
  ✓  28 [chromium] › qa/buyer/flow.spec.ts:120:3 › QA · Buyer · Critical Business Flow › 03 Award → PO → Order → Payment → FreightIQ → Shipment → Documents (15.7s)
  ✓  29 [chromium] › qa/buyer/forms.spec.ts:7:3 › QA · Buyer · Forms › login empty submit stays usable (1.8s)
  ✓  30 [chromium] › qa/buyer/forms.spec.ts:18:3 › QA · Buyer · Forms › login invalid credentials shows error, form usable (3.1s)
  ✓  31 [chromium] › qa/buyer/forms.spec.ts:30:3 › QA · Buyer · Forms › login double-click does not crash (2.3s)
  ✓  32 [chromium] › qa/buyer/forms.spec.ts:50:3 › QA · Buyer · Forms › RFQ create page survives empty interaction + escape (6.2s)
  ✓  33 [chromium] › qa/buyer/forms.spec.ts:65:3 › QA · Buyer · Forms › account settings very long text does not blank page (4.8s)
  ✓  34 [chromium] › qa/buyer/forms.spec.ts:82:3 › QA · Buyer · Forms › RFQ list search special characters (6.1s)
  ✓  35 [chromium] › qa/buyer/forms.spec.ts:95:3 › QA · Buyer · Forms › document search special characters (8.7s)
  ✓  36 [chromium] › qa/buyer/forms.spec.ts:108:3 › QA · Buyer · Forms › navigate away during page load remains usable (3.3s)
  ✓  37 [chromium] › qa/buyer/forms.spec.ts:116:3 › QA · Buyer · Forms › refresh during RFQ list load (3.2s)
  ✓  38 [chromium] › qa/buyer/modules.spec.ts:38:5 › QA · Buyer · Modules › buyer · Dashboard · /buyer/dashboard (5.7s)
  ✓  39 [chromium] › qa/buyer/modules.spec.ts:38:5 › QA · Buyer · Modules › buyer · Workspaces / Inbox · /buyer/inbox (4.4s)
  ✓  40 [chromium] › qa/buyer/modules.spec.ts:38:5 › QA · Buyer · Modules › buyer · RFQ list · /buyer/rfq (4.2s)
  ✓  41 [chromium] › qa/buyer/modules.spec.ts:38:5 › QA · Buyer · Modules › buyer · RFQ Create · /buyer/rfq/new (5.2s)
  ✓  42 [chromium] › qa/buyer/modules.spec.ts:38:5 › QA · Buyer · Modules › buyer · Purchase Orders · /buyer/purchase-orders (4.1s)
  ✓  43 [chromium] › qa/buyer/modules.spec.ts:38:5 › QA · Buyer · Modules › buyer · Direct PO Create · /buyer/purchase-orders/create (4.2s)
  ✓  44 [chromium] › qa/buyer/modules.spec.ts:38:5 › QA · Buyer · Modules › buyer · Orders · /buyer/orders (4.2s)
  ✓  45 [chromium] › qa/buyer/modules.spec.ts:38:5 › QA · Buyer · Modules › buyer · Payments (redirect) · /buyer/payments (4.6s)
  ✓  46 [chromium] › qa/buyer/modules.spec.ts:38:5 › QA · Buyer · Modules › buyer · FreightIQ · /buyer/freightiq (3.3s)
  ✓  47 [chromium] › qa/buyer/modules.spec.ts:38:5 › QA · Buyer · Modules › buyer · Shipments · /buyer/shipments (4.9s)
  ✓  48 [chromium] › qa/buyer/modules.spec.ts:38:5 › QA · Buyer · Modules › buyer · Live Tracking / Portfolio · /shipments/portfolio (4.6s)
  ✓  49 [chromium] › qa/buyer/modules.spec.ts:38:5 › QA · Buyer · Modules › buyer · Document Center · /documents (6.0s)
  ✓  50 [chromium] › qa/buyer/modules.spec.ts:38:5 › QA · Buyer · Modules › buyer · Trade Documents · /buyer/trade-documents (4.1s)
  ✓  51 [chromium] › qa/buyer/modules.spec.ts:38:5 › QA · Buyer · Modules › buyer · Notifications · /notifications (4.3s)
  ✓  52 [chromium] › qa/buyer/modules.spec.ts:38:5 › QA · Buyer · Modules › buyer · Messages · /messages (3.8s)
  ✓  53 [chromium] › qa/buyer/modules.spec.ts:38:5 › QA · Buyer · Modules › buyer · Control Tower · /buyer/control-tower (5.2s)
  ✓  54 [chromium] › qa/buyer/modules.spec.ts:38:5 › QA · Buyer · Modules › buyer · Profile / Settings · /account (4.6s)
  ✓  55 [chromium] › qa/buyer/modules.spec.ts:38:5 › QA · Buyer · Modules › buyer · Alerts / Exceptions · /alerts (4.3s)
  ✓  56 [chromium] › qa/buyer/modules.spec.ts:38:5 › QA · Buyer · Modules › buyer · Learning Center · /learning (4.6s)
  ✓  57 [chromium] › qa/buyer/modules.spec.ts:38:5 › QA · Buyer · Modules › buyer · CommodityBid · /buyer/commoditybid (4.7s)
  ✓  58 [chromium] › qa/buyer/modules.spec.ts:38:5 › QA · Buyer · Modules › buyer · Mixed Container · /buyer/mixed-container (4.8s)
  ✓  59 [chromium] › qa/buyer/modules.spec.ts:57:3 › QA · Buyer · Modules › buyer · RFQ detail from list (5.1s)
  ✓  60 [chromium] › qa/buyer/modules.spec.ts:72:3 › QA · Buyer · Modules › buyer · Order detail from list (5.6s)
  ✓  61 [chromium] › qa/buyer/modules.spec.ts:87:3 › QA · Buyer · Modules › buyer · PO detail from list (4.6s)
  -  62 [chromium] › qa/buyer/modules.spec.ts:103:3 › QA · Buyer · Modules › buyer · Shipment detail from portfolio
  ✓  63 [chromium] › qa/buyer/modules.spec.ts:125:3 › QA · Buyer · Modules › buyer · Document detail if any exist (4.4s)
  ✓  64 [chromium] › qa/buyer/refresh-nav.spec.ts:26:5 › QA · Buyer · Refresh / Direct URL / History › reload + direct · /documents (9.6s)
  ✓  65 [chromium] › qa/buyer/refresh-nav.spec.ts:26:5 › QA · Buyer · Refresh / Direct URL / History › reload + direct · /buyer/rfq (6.0s)
  ✓  66 [chromium] › qa/buyer/refresh-nav.spec.ts:26:5 › QA · Buyer · Refresh / Direct URL / History › reload + direct · /buyer/orders (5.3s)
  ✓  67 [chromium] › qa/buyer/refresh-nav.spec.ts:26:5 › QA · Buyer · Refresh / Direct URL / History › reload + direct · /buyer/shipments (5.3s)
  ✓  68 [chromium] › qa/buyer/refresh-nav.spec.ts:26:5 › QA · Buyer · Refresh / Direct URL / History › reload + direct · /buyer/freightiq (4.7s)
  ✓  69 [chromium] › qa/buyer/refresh-nav.spec.ts:26:5 › QA · Buyer · Refresh / Direct URL / History › reload + direct · /notifications (6.0s)
  ✓  70 [chromium] › qa/buyer/refresh-nav.spec.ts:26:5 › QA · Buyer · Refresh / Direct URL / History › reload + direct · /messages (5.5s)
  ✓  71 [chromium] › qa/buyer/refresh-nav.spec.ts:26:5 › QA · Buyer · Refresh / Direct URL / History › reload + direct · /account (6.4s)
  ✓  72 [chromium] › qa/buyer/refresh-nav.spec.ts:26:5 › QA · Buyer · Refresh / Direct URL / History › reload + direct · /buyer/dashboard (10.4s)
  ✓  73 [chromium] › qa/buyer/refresh-nav.spec.ts:26:5 › QA · Buyer · Refresh / Direct URL / History › reload + direct · /buyer/purchase-orders (5.3s)
  ✓  74 [chromium] › qa/buyer/refresh-nav.spec.ts:26:5 › QA · Buyer · Refresh / Direct URL / History › reload + direct · /shipments/portfolio (6.4s)
  ✓  75 [chromium] › qa/buyer/refresh-nav.spec.ts:51:3 › QA · Buyer · Refresh / Direct URL / History › back/forward across buyer modules (17.5s)
  ✓  76 [chromium] › qa/buyer/responsive.spec.ts:26:7 › QA · Buyer · Responsive › 1920x1080 · /buyer/dashboard (6.4s)
  ✓  77 [chromium] › qa/buyer/responsive.spec.ts:26:7 › QA · Buyer · Responsive › 1920x1080 · /buyer/rfq (5.1s)
  ✓  78 [chromium] › qa/buyer/responsive.spec.ts:26:7 › QA · Buyer · Responsive › 1920x1080 · /buyer/orders (5.4s)
  ✓  79 [chromium] › qa/buyer/responsive.spec.ts:26:7 › QA · Buyer · Responsive › 1920x1080 · /documents (6.9s)
  ✓  80 [chromium] › qa/buyer/responsive.spec.ts:26:7 › QA · Buyer · Responsive › 1920x1080 · /buyer/freightiq (4.2s)
  ✓  81 [chromium] › qa/buyer/responsive.spec.ts:26:7 › QA · Buyer · Responsive › 1920x1080 · /messages (4.5s)
  ✓  82 [chromium] › qa/buyer/responsive.spec.ts:26:7 › QA · Buyer · Responsive › 1920x1080 · /notifications (5.0s)
  ✓  83 [chromium] › qa/buyer/responsive.spec.ts:26:7 › QA · Buyer · Responsive › 1440x900 · /buyer/dashboard (6.5s)
  ✓  84 [chromium] › qa/buyer/responsive.spec.ts:26:7 › QA · Buyer · Responsive › 1440x900 · /buyer/rfq (4.3s)
  ✓  85 [chromium] › qa/buyer/responsive.spec.ts:26:7 › QA · Buyer · Responsive › 1440x900 · /buyer/orders (4.7s)
  ✓  86 [chromium] › qa/buyer/responsive.spec.ts:26:7 › QA · Buyer · Responsive › 1440x900 · /documents (6.3s)
  ✓  87 [chromium] › qa/buyer/responsive.spec.ts:26:7 › QA · Buyer · Responsive › 1440x900 · /buyer/freightiq (3.8s)
  ✓  88 [chromium] › qa/buyer/responsive.spec.ts:26:7 › QA · Buyer · Responsive › 1440x900 · /messages (4.6s)
  ✓  89 [chromium] › qa/buyer/responsive.spec.ts:26:7 › QA · Buyer · Responsive › 1440x900 · /notifications (5.1s)
  ✓  90 [chromium] › qa/buyer/responsive.spec.ts:26:7 › QA · Buyer · Responsive › 768x1024 · /buyer/dashboard (6.5s)
  ✓  91 [chromium] › qa/buyer/responsive.spec.ts:26:7 › QA · Buyer · Responsive › 768x1024 · /buyer/rfq (3.6s)
  ✓  92 [chromium] › qa/buyer/responsive.spec.ts:26:7 › QA · Buyer · Responsive › 768x1024 · /buyer/orders (3.8s)
  ✓  93 [chromium] › qa/buyer/responsive.spec.ts:26:7 › QA · Buyer · Responsive › 768x1024 · /documents (5.3s)
  ✓  94 [chromium] › qa/buyer/responsive.spec.ts:26:7 › QA · Buyer · Responsive › 768x1024 · /buyer/freightiq (3.5s)
  ✓  95 [chromium] › qa/buyer/responsive.spec.ts:26:7 › QA · Buyer · Responsive › 768x1024 · /messages (3.7s)
  ✓  96 [chromium] › qa/buyer/responsive.spec.ts:26:7 › QA · Buyer · Responsive › 768x1024 · /notifications (4.2s)
  ✓  97 [chromium] › qa/buyer/responsive.spec.ts:26:7 › QA · Buyer · Responsive › 390x844 · /buyer/dashboard (4.7s)
  ✓  98 [chromium] › qa/buyer/responsive.spec.ts:26:7 › QA · Buyer · Responsive › 390x844 · /buyer/rfq (3.2s)
  ✓  99 [chromium] › qa/buyer/responsive.spec.ts:26:7 › QA · Buyer · Responsive › 390x844 · /buyer/orders (3.8s)
  ✓  100 [chromium] › qa/buyer/responsive.spec.ts:26:7 › QA · Buyer · Responsive › 390x844 · /documents (5.4s)
  ✓  101 [chromium] › qa/buyer/responsive.spec.ts:26:7 › QA · Buyer · Responsive › 390x844 · /buyer/freightiq (2.9s)
  ✓  102 [chromium] › qa/buyer/responsive.spec.ts:26:7 › QA · Buyer · Responsive › 390x844 · /messages (3.4s)
  ✓  103 [chromium] › qa/buyer/responsive.spec.ts:26:7 › QA · Buyer · Responsive › 390x844 · /notifications (4.0s)
  ✓  104 [chromium] › qa/buyer/security.spec.ts:14:3 › QA · Buyer · Security / IDOR › buyer blocked from admin routes (13.5s)
  ✓  105 [chromium] › qa/buyer/security.spec.ts:33:3 › QA · Buyer · Security / IDOR › buyer blocked from supplier-only routes (11.7s)
  ✓  106 [chromium] › qa/buyer/security.spec.ts:50:3 › QA · Buyer · Security / IDOR › API IDOR — foreign RFQ (650ms)
  -  107 [chromium] › qa/buyer/security.spec.ts:63:3 › QA · Buyer · Security / IDOR › API IDOR — foreign order
  -  108 [chromium] › qa/buyer/security.spec.ts:80:3 › QA · Buyer · Security / IDOR › API IDOR — foreign shipment
  -  109 [chromium] › qa/buyer/security.spec.ts:110:3 › QA · Buyer · Security / IDOR › API IDOR — foreign document
  -  110 [chromium] › qa/buyer/security.spec.ts:127:3 › QA · Buyer · Security / IDOR › API IDOR — foreign PO
  ✓  111 [chromium] › qa/buyer/security.spec.ts:144:3 › QA · Buyer · Security / IDOR › UI IDOR — buyer1 cannot view buyer2 RFQ workspace content (7.7s)
  ✓  112 [chromium] › qa/buyer/security.spec.ts:170:3 › QA · Buyer · Security / IDOR › random UUID surfaces do not infinite-load (24.2s)
  ✓  113 [chromium] › qa/cross-role/pipeline.spec.ts:17:3 › QA · Cross-Role · RFQ pipeline visibility › buyer creates RFQ — admin + invited supplier can see; foreign buyer cannot (14.8s)
  ✓  114 [chromium] › qa/documents/documents.spec.ts:5:3 › QA · Documents › document center loads (6.1s)
  ✓  115 [chromium] › qa/documents/documents.spec.ts:15:3 › QA · Documents › documents API (210ms)
  ✓  116 [chromium] › qa/documents/documents.spec.ts:27:3 › QA · Documents › buyer documents route (5.7s)
  ✓  117 [chromium] › qa/freightiq/freightiq.spec.ts:5:3 › QA · FreightIQ › buyer freight hub loads (3.3s)
  ✓  118 [chromium] › qa/freightiq/freightiq.spec.ts:13:3 › QA · FreightIQ › my-portfolio API responds (139ms)
  ✓  119 [chromium] › qa/freightiq/freightiq.spec.ts:25:3 › QA · FreightIQ › admin freight ops overview (3.6s)
  ✓  120 [chromium] › qa/freightiq/freightiq.spec.ts:32:3 › QA · FreightIQ › freight summary on order with request (168ms)
  ✓  121 [chromium] › qa/notifications/notifications.spec.ts:4:3 › QA · Notifications › notification page loads (5.0s)
  ✓  122 [chromium] › qa/notifications/notifications.spec.ts:12:3 › QA · Notifications › admin notifications (3.9s)
  ✓  123 [chromium] › qa/orders/orders.spec.ts:5:3 › QA · Orders › orders list loads for buyer (4.9s)
  ✓  124 [chromium] › qa/orders/orders.spec.ts:13:3 › QA · Orders › orders list loads for supplier (4.5s)
  ✓  125 [chromium] › qa/orders/orders.spec.ts:20:3 › QA · Orders › order workspace opens (4.4s)
  ✓  126 [chromium] › qa/orders/orders.spec.ts:34:3 › QA · Orders › friendly order ref visible when present (4.1s)
  ✓  127 [chromium] › qa/po/po.spec.ts:5:3 › QA · Purchase Order › PO list loads (5.4s)
  ✓  128 [chromium] › qa/po/po.spec.ts:13:3 › QA · Purchase Order › Direct PO create wizard loads (5.6s)
  ✓  129 [chromium] › qa/po/po.spec.ts:22:3 › QA · Purchase Order › PO workspace opens for existing PO (5.0s)
  ✓  130 [chromium] › qa/po/po.spec.ts:42:3 › QA · Purchase Order › invalid PO status transition returns 409 (172ms)
  ✓  131 [chromium] › qa/po/po.spec.ts:61:3 › QA · Purchase Order › direct URL refresh on PO workspace (5.8s)
  ✓  132 [chromium] › qa/rfq/rfq.spec.ts:11:3 › QA · RFQ › RFQ list loads for buyer (4.6s)
  ✓  133 [chromium] › qa/rfq/rfq.spec.ts:19:3 › QA · RFQ › RFQ create page loads (4.9s)
  ✓  134 [chromium] › qa/rfq/rfq.spec.ts:26:3 › QA · RFQ › API create → appears in list (side effect) (5.6s)
  ✓  135 [chromium] › qa/rfq/rfq.spec.ts:55:3 › QA · RFQ › RFQ workspace opens for existing RFQ (4.5s)
  ✓  136 [chromium] › qa/rfq/rfq.spec.ts:69:3 › QA · RFQ › invalid RFQ id is not infinite loading (7.1s)
  ✓  137 [chromium] › qa/security/idor.spec.ts:5:3 › QA · Security · IDOR / permissions › buyer cannot open admin dashboard (4.3s)
  ✓  138 [chromium] › qa/security/idor.spec.ts:11:3 › QA · Security · IDOR / permissions › supplier cannot open buyer dashboard (4.8s)
  ✓  139 [chromium] › qa/security/idor.spec.ts:17:3 › QA · Security · IDOR / permissions › buyer cannot open supplier dashboard (4.8s)
  -  140 [chromium] › qa/security/idor.spec.ts:23:3 › QA · Security · IDOR / permissions › API IDOR — buyer cannot read foreign order
  ✓  141 [chromium] › qa/security/idor.spec.ts:43:3 › QA · Security · IDOR / permissions › API IDOR — supplier cannot read foreign RFQ detail as owner (283ms)
  ✓  142 [chromium] › qa/security/idor.spec.ts:71:3 › QA · Security · IDOR / permissions › random UUID order shows not-found (not infinite loading) (7.8s)
  ✓  143 [chromium] › qa/shipment/shipment.spec.ts:5:3 › QA · Shipment › buyer shipments list (4.7s)
  ✓  144 [chromium] › qa/shipment/shipment.spec.ts:13:3 › QA · Shipment › shipment portfolio (4.9s)
  ✓  145 [chromium] › qa/shipment/shipment.spec.ts:20:3 › QA · Shipment › portfolio API (151ms)
  ✓  146 [chromium] › qa/shipment/shipment.spec.ts:34:3 › QA · Shipment › missing shipment not infinite loading (7.3s)
  ✓  147 [chromium] › qa/supplier/modules.spec.ts:27:5 › QA · Supplier · Modules › supplier · Dashboard (4.5s)
  ✓  148 [chromium] › qa/supplier/modules.spec.ts:27:5 › QA · Supplier · Modules › supplier · RFQ access (4.5s)
  ✓  149 [chromium] › qa/supplier/modules.spec.ts:27:5 › QA · Supplier · Modules › supplier · Orders (3.7s)
  ✓  150 [chromium] › qa/supplier/modules.spec.ts:27:5 › QA · Supplier · Modules › supplier · Purchase Orders (4.1s)
  ✓  151 [chromium] › qa/supplier/modules.spec.ts:27:5 › QA · Supplier · Modules › supplier · Shipments (3.5s)
  ✓  152 [chromium] › qa/supplier/modules.spec.ts:27:5 › QA · Supplier · Modules › supplier · FreightIQ (3.2s)
  ✓  153 [chromium] › qa/supplier/modules.spec.ts:27:5 › QA · Supplier · Modules › supplier · Documents (4.4s)
  ✓  154 [chromium] › qa/supplier/modules.spec.ts:27:5 › QA · Supplier · Modules › supplier · Document Center (6.0s)
  ✓  155 [chromium] › qa/supplier/modules.spec.ts:27:5 › QA · Supplier · Modules › supplier · Messages (5.7s)
  ✓  156 [chromium] › qa/supplier/modules.spec.ts:27:5 › QA · Supplier · Modules › supplier · Notifications (5.0s)
  ✓  157 [chromium] › qa/supplier/modules.spec.ts:27:5 › QA · Supplier · Modules › supplier · Profile (4.5s)
  ✓  158 [chromium] › qa/supplier/modules.spec.ts:35:3 › QA · Supplier · Modules › supplier cannot open buyer/admin routes (9.8s)
  ✓  159 [chromium] › qa/supplier/modules.spec.ts:45:3 › QA · Supplier · Modules › supplier cannot read foreign supplier RFQ as owner (3.0s)
  ✓  160 [chromium] › qa/supplier/modules.spec.ts:72:3 › QA · Supplier · Modules › supplier RFQ list API ok (2.8s)
  ✓  161 [chromium] › qa/system/responsive-system.spec.ts:12:5 › QA · System · Responsive + performance › buyer dashboard @ desktop-1920 (6.8s)
  ✓  162 [chromium] › qa/system/responsive-system.spec.ts:12:5 › QA · System · Responsive + performance › buyer dashboard @ desktop-1440 (7.2s)
  ✓  163 [chromium] › qa/system/responsive-system.spec.ts:12:5 › QA · System · Responsive + performance › buyer dashboard @ tablet (6.4s)
  ✓  164 [chromium] › qa/system/responsive-system.spec.ts:12:5 › QA · System · Responsive + performance › buyer dashboard @ mobile (5.9s)
  ✓  165 [chromium] › qa/system/responsive-system.spec.ts:31:3 › QA · System · Responsive + performance › critical pages settle under 15s (11.0s)
  ✓  166 [chromium] › qa/workspace/dashboard.spec.ts:4:3 › QA · Workspace Dashboard › buyer dashboard KPIs / cards render (6.7s)
  ✓  167 [chromium] › qa/workspace/dashboard.spec.ts:14:3 › QA · Workspace Dashboard › buyer control tower renders (5.4s)
  ✓  168 [chromium] › qa/workspace/dashboard.spec.ts:21:3 › QA · Workspace Dashboard › admin command center renders (4.4s)
  ✓  169 [chromium] › qa/workspace/dashboard.spec.ts:29:3 › QA · Workspace Dashboard › supplier dashboard renders (5.1s)
  ✓  170 [chromium] › qa/workspace/navigation.spec.ts:53:5 › QA · Navigation · Buyer › buyer can open /buyer/inbox (5.1s)
  ✓  171 [chromium] › qa/workspace/navigation.spec.ts:53:5 › QA · Navigation · Buyer › buyer can open /buyer/dashboard (6.3s)
  ✓  172 [chromium] › qa/workspace/navigation.spec.ts:53:5 › QA · Navigation · Buyer › buyer can open /buyer/rfq (5.1s)
  ✓  173 [chromium] › qa/workspace/navigation.spec.ts:53:5 › QA · Navigation · Buyer › buyer can open /buyer/commoditybid (4.8s)
  ✓  174 [chromium] › qa/workspace/navigation.spec.ts:53:5 › QA · Navigation · Buyer › buyer can open /buyer/purchase-orders (5.3s)
  ✓  175 [chromium] › qa/workspace/navigation.spec.ts:53:5 › QA · Navigation · Buyer › buyer can open /buyer/orders (5.5s)
  ✓  176 [chromium] › qa/workspace/navigation.spec.ts:53:5 › QA · Navigation · Buyer › buyer can open /buyer/freightiq (4.7s)
  ✓  177 [chromium] › qa/workspace/navigation.spec.ts:53:5 › QA · Navigation · Buyer › buyer can open /buyer/shipments (5.0s)
  ✓  178 [chromium] › qa/workspace/navigation.spec.ts:53:5 › QA · Navigation · Buyer › buyer can open /buyer/control-tower (5.6s)
  ✓  179 [chromium] › qa/workspace/navigation.spec.ts:53:5 › QA · Navigation · Buyer › buyer can open /notifications (5.4s)
  ✓  180 [chromium] › qa/workspace/navigation.spec.ts:53:5 › QA · Navigation · Buyer › buyer can open /documents (6.7s)
  ✓  181 [chromium] › qa/workspace/navigation.spec.ts:53:5 › QA · Navigation · Buyer › buyer can open /messages (4.7s)
  ✓  182 [chromium] › qa/workspace/navigation.spec.ts:53:5 › QA · Navigation · Buyer › buyer can open /learning (5.1s)
  ✓  183 [chromium] › qa/workspace/navigation.spec.ts:62:3 › QA · Navigation · Buyer › buyer sidebar links navigate (7.9s)
  ✓  184 [chromium] › qa/workspace/navigation.spec.ts:76:3 › QA · Navigation · Buyer › 404 for unknown path (5.2s)
  ✓  185 [chromium] › qa/workspace/navigation.spec.ts:82:3 › QA · Navigation · Buyer › back/forward works (9.7s)
  ✓  186 [chromium] › qa/workspace/navigation.spec.ts:98:5 › QA · Navigation · Supplier › supplier can open /supplier/dashboard (5.3s)
  ✓  187 [chromium] › qa/workspace/navigation.spec.ts:98:5 › QA · Navigation · Supplier › supplier can open /supplier/rfq (5.6s)
  ✓  188 [chromium] › qa/workspace/navigation.spec.ts:98:5 › QA · Navigation · Supplier › supplier can open /supplier/orders (5.0s)
  ✓  189 [chromium] › qa/workspace/navigation.spec.ts:98:5 › QA · Navigation · Supplier › supplier can open /supplier/purchase-orders (4.7s)
  ✓  190 [chromium] › qa/workspace/navigation.spec.ts:98:5 › QA · Navigation · Supplier › supplier can open /supplier/freightiq (4.5s)
  ✓  191 [chromium] › qa/workspace/navigation.spec.ts:98:5 › QA · Navigation · Supplier › supplier can open /notifications (4.8s)
  ✓  192 [chromium] › qa/workspace/navigation.spec.ts:98:5 › QA · Navigation · Supplier › supplier can open /messages (4.9s)
  ✓  193 [chromium] › qa/workspace/navigation.spec.ts:114:5 › QA · Navigation · Admin › admin can open /admin/dashboard (5.9s)
  ✓  194 [chromium] › qa/workspace/navigation.spec.ts:114:5 › QA · Navigation · Admin › admin can open /admin/rfq (4.2s)
  ✓  195 [chromium] › qa/workspace/navigation.spec.ts:114:5 › QA · Navigation · Admin › admin can open /admin/orders (4.3s)
  ✓  196 [chromium] › qa/workspace/navigation.spec.ts:114:5 › QA · Navigation · Admin › admin can open /documents (7.2s)
  ✓  197 [chromium] › qa/workspace/navigation.spec.ts:114:5 › QA · Navigation · Admin › admin can open /operations/freight (5.9s)
  ✓  198 [chromium] › qa/workspace/navigation.spec.ts:114:5 › QA · Navigation · Admin › admin can open /notifications (7.3s)

  Slow test file: [chromium] › qa/workspace/navigation.spec.ts (2.7m)
  Slow test file: [chromium] › qa/buyer/responsive.spec.ts (2.2m)
  Slow test file: [chromium] › qa/buyer/modules.spec.ts (2.0m)
  Slow test file: [chromium] › qa/buyer/refresh-nav.spec.ts (1.5m)
  Slow test file: [chromium] › qa/supplier/modules.spec.ts (1.1m)
  Consider splitting slow test files to speed up parallel execution
  7 skipped
  191 passed (17.3m)

To open last HTML report run:

  yarn playwright show-report

Done in 1038.90s.
Done in 1039.19s.
